// Jest Snapshot v1, https://goo.gl/fbAQLP

exports[`migration should migrate to v1 1`] = `
Object {
  "browserOptions": Object {
    "id-2": Object {
      "cursor": true,
    },
  },
  "screenshotOptions": Object {
    "id-1": Object {
      "clip": Object {
        "height": 600,
        "width": 600,
        "x": 0,
        "y": 0,
      },
    },
  },
  "stories": Object {
    "with-actionSets": Object {
      "actionSets": Array [
        Object {
          "actions": Array [
            Object {
              "args": Object {
                "timeout": 500,
              },
              "id": "4ps_NuM6B2",
              "name": "waitForTimeout",
            },
          ],
          "id": "k71GTTcObZen",
          "title": "delay 500",
        },
      ],
    },
    "with-defaults": Object {
      "screenshots": Array [
        Object {
          "actions": Array [
            Object {
              "args": Object {
                "options": Object {
                  "button": "middle",
                },
              },
              "id": "yryt9qdYHQ",
              "name": "mouse.down",
            },
          ],
          "browserOptionsId": "id-2",
          "browserType": "chromium",
          "id": "id-3",
          "index": 4,
          "props": Object {
            "arrowColor": "red",
            "arrowSize": 20,
          },
          "screenshotOptionsId": "id-1",
          "title": "should apply arrow styles",
        },
      ],
    },
  },
  "version": "1",
}
`;
