// Vitest Snapshot v1, https://vitest.dev/guide/snapshot.html

exports[`getMenu > should return valid 1`] = `
[
  {
    "label": "click",
    "name": "click",
  },
  {
    "label": "mouse.click",
    "name": "mouse.click",
  },
  {
    "label": "mouse.dblclick",
    "name": "mouse.dblclick",
  },
]
`;
