// Vitest Snapshot v1, https://vitest.dev/guide/snapshot.html

exports[`ThemeProvider > should have dark theme 1`] = `ShallowWrapper {}`;

exports[`ThemeProvider > should have light theme 1`] = `ShallowWrapper {}`;

exports[`ThemeProvider > should override theme using useCustomTheme 1`] = `ShallowWrapper {}`;
